src/app/page.tsx(533,15): error TS2322: Type '{ children: Element[]; animate: any; transition: { duration: number; }; className: string; style: { padding: string; display: "flex"; flexDirection: "column"; gap: string; border: string; }; }' is not assignable to type 'IntrinsicAttributes & HTMLAttributesWithoutMotionProps<unknown, unknown> & MotionProps & RefAttributes<unknown>'.
  Property 'className' does not exist on type 'IntrinsicAttributes & HTMLAttributesWithoutMotionProps<unknown, unknown> & MotionProps & RefAttributes<unknown>'.
src/app/page.tsx(548,15): error TS2322: Type '{ children: Element[]; animate: any; transition: { duration: number; }; className: string; style: { padding: string; display: "flex"; flexDirection: "column"; gap: string; border: string; }; }' is not assignable to type 'IntrinsicAttributes & HTMLAttributesWithoutMotionProps<unknown, unknown> & MotionProps & RefAttributes<unknown>'.
  Property 'className' does not exist on type 'IntrinsicAttributes & HTMLAttributesWithoutMotionProps<unknown, unknown> & MotionProps & RefAttributes<unknown>'.
src/app/page.tsx(563,15): error TS2322: Type '{ children: Element[]; animate: any; transition: { duration: number; }; className: string; style: { padding: string; display: "flex"; flexDirection: "column"; gap: string; border: string; }; }' is not assignable to type 'IntrinsicAttributes & HTMLAttributesWithoutMotionProps<unknown, unknown> & MotionProps & RefAttributes<unknown>'.
  Property 'className' does not exist on type 'IntrinsicAttributes & HTMLAttributesWithoutMotionProps<unknown, unknown> & MotionProps & RefAttributes<unknown>'.
src/app/page.tsx(790,13): error TS2322: Type '{ children: Element[]; initial: { opacity: number; y: number; }; whileInView: { opacity: number; y: number; }; viewport: { once: true; }; className: string; style: { maxWidth: string; width: string; padding: string; textAlign: "center"; position: "relative"; zIndex: number; }; }' is not assignable to type 'IntrinsicAttributes & HTMLAttributesWithoutMotionProps<unknown, unknown> & MotionProps & RefAttributes<unknown>'.
  Property 'className' does not exist on type 'IntrinsicAttributes & HTMLAttributesWithoutMotionProps<unknown, unknown> & MotionProps & RefAttributes<unknown>'.
src/app/page.tsx(810,15): error TS2322: Type '{ children: string; whileHover: { scale: number; }; whileTap: { scale: number; }; onClick: () => void; className: string; style: { fontSize: string; padding: string; borderRadius: string; boxShadow: "0 20px 40px -10px rgba(34, 197, 94, 0.4)"; }; }' is not assignable to type 'IntrinsicAttributes & HTMLAttributesWithoutMotionProps<unknown, unknown> & MotionProps & RefAttributes<unknown>'.
  Property 'onClick' does not exist on type 'IntrinsicAttributes & HTMLAttributesWithoutMotionProps<unknown, unknown> & MotionProps & RefAttributes<unknown>'.
