src/app/page.tsx(533,15): error TS2322: Type '{ children: Element[]; animate: { borderColor: "#22c55e" | "rgba(255, 255, 255, 0.5)"; boxShadow: "0 0 20px rgba(34, 197, 94, 0.2)" | "0 8px 32px 0 rgba(31, 38, 135, 0.05)"; scale: number; }; transition: { ...; }; className: string; style: { ...; }; }' is not assignable to type 'IntrinsicAttributes & HTMLAttributesWithoutMotionProps<unknown, unknown> & MotionProps & RefAttributes<unknown>'.
  Property 'className' does not exist on type 'IntrinsicAttributes & HTMLAttributesWithoutMotionProps<unknown, unknown> & MotionProps & RefAttributes<unknown>'.
src/app/page.tsx(548,15): error TS2322: Type '{ children: Element[]; animate: { borderColor: "#22c55e" | "rgba(255, 255, 255, 0.5)"; boxShadow: "0 0 20px rgba(34, 197, 94, 0.2)" | "0 8px 32px 0 rgba(31, 38, 135, 0.05)"; scale: number; }; transition: { ...; }; className: string; style: { ...; }; }' is not assignable to type 'IntrinsicAttributes & HTMLAttributesWithoutMotionProps<unknown, unknown> & MotionProps & RefAttributes<unknown>'.
  Property 'className' does not exist on type 'IntrinsicAttributes & HTMLAttributesWithoutMotionProps<unknown, unknown> & MotionProps & RefAttributes<unknown>'.
src/app/page.tsx(563,15): error TS2322: Type '{ children: Element[]; animate: { borderColor: "#22c55e" | "rgba(255, 255, 255, 0.5)"; boxShadow: "0 0 20px rgba(34, 197, 94, 0.2)" | "0 8px 32px 0 rgba(31, 38, 135, 0.05)"; scale: number; }; transition: { ...; }; className: string; style: { ...; }; }' is not assignable to type 'IntrinsicAttributes & HTMLAttributesWithoutMotionProps<unknown, unknown> & MotionProps & RefAttributes<unknown>'.
  Property 'className' does not exist on type 'IntrinsicAttributes & HTMLAttributesWithoutMotionProps<unknown, unknown> & MotionProps & RefAttributes<unknown>'.
src/app/page.tsx(790,13): error TS2322: Type '{ children: Element[]; initial: { opacity: number; y: number; }; whileInView: { opacity: number; y: number; }; viewport: { once: true; }; className: string; style: { maxWidth: string; width: string; padding: string; textAlign: "center"; position: "relative"; zIndex: number; }; }' is not assignable to type 'IntrinsicAttributes & HTMLAttributesWithoutMotionProps<unknown, unknown> & MotionProps & RefAttributes<unknown>'.
  Property 'className' does not exist on type 'IntrinsicAttributes & HTMLAttributesWithoutMotionProps<unknown, unknown> & MotionProps & RefAttributes<unknown>'.
src/app/page.tsx(810,15): error TS2322: Type '{ children: string; whileHover: { scale: number; }; whileTap: { scale: number; }; onClick: () => void; className: string; style: { fontSize: string; padding: string; borderRadius: string; boxShadow: "0 20px 40px -10px rgba(34, 197, 94, 0.4)"; }; }' is not assignable to type 'IntrinsicAttributes & HTMLAttributesWithoutMotionProps<unknown, unknown> & MotionProps & RefAttributes<unknown>'.
  Property 'onClick' does not exist on type 'IntrinsicAttributes & HTMLAttributesWithoutMotionProps<unknown, unknown> & MotionProps & RefAttributes<unknown>'.
